foo bar foo bar baz baz quux quux  - foo bar baz quux 